OBJ translation to Solid Edge
Date: Monday,October 27,2025 09:44AM
Source File:C:\Users\marko\Projekti\openvino-road\autonomni_bajs_mehanika\nosaci_pomocnih_tockica\ucvsrcivac_tockica.obj
Author: Unknown
Organization: Unknown
Source System: DEX

Hardware:
Processor: AMD Ryzen 7 7840HS with Radeon 780M Graphics   
Operating System: Windows 10
Installed Memory: 13.69 GB

Software Information:
Parasolid Version: 36.0.142
PSBodyshop Version: 36.0.108
OBJ Adapter Version: 13.0.209
Solid Edge Version: 224.00.00.101 x64

OBJ Import options 
Split Groups:Off
Heal Mesh Faults:Off
Make Base Feature:On
Enable Logging:On

Translation progress:
Unknown
Translation process completed
Total time required to translate and post process:00 : 00 : 00
